-- rFunc-rename --
renaming "sFunc" to "rFunc" not possible because "github.com/arneph/toph/builder/packages/internal/x/tools/lsp/rename/bad" has errors
